// Jest Snapshot v1, https://goo.gl/fbAQLP

exports[`App component renders App 1`] = `
<DocumentFragment>
  <div>
    <div>
      <form>
        <input
          placeholder="Username"
          type="text"
        />
        <button>
          Play!
        </button>
      </form>
    </div>
  </div>
</DocumentFragment>
`;
